-- test casting to json
SELECT cast(tdigest(i / 1000.0, 10) as json) from generate_series(1,1000) s(i);
                                                                                                             tdigest                                                                                                             
---------------------------------------------------------------------------------------------------------------------------------------------------------------------------------------------------------------------------------
 {"flags": 1, "count": 1000, "compression": 10, "centroids": 13, "mean": [0.001, 0.002, 0.0045, 0.013, 0.0405, 0.135, 0.464, 0.793, 0.916, 0.9795, 0.996, 0.999, 1], "count": [1, 1, 4, 13, 42, 147, 511, 147, 99, 28, 5, 1, 1]}
(1 row)

SELECT cast(tdigest(i / 1000.0, 25) as json) from generate_series(1,1000) s(i);
                                                                                                                                         tdigest                                                                                                                                         
-----------------------------------------------------------------------------------------------------------------------------------------------------------------------------------------------------------------------------------------------------------------------------------------
 {"flags": 1, "count": 1000, "compression": 25, "centroids": 18, "mean": [0.001, 0.002, 0.003, 0.0055, 0.012, 0.0265, 0.0575, 0.115, 0.232, 0.472, 0.727, 0.8775, 0.949, 0.9765, 0.9915, 0.997, 0.999, 1], "count": [1, 1, 1, 4, 9, 20, 42, 73, 161, 319, 191, 110, 33, 22, 8, 3, 1, 1]}
(1 row)

SELECT cast(tdigest(i / 1000.0, 100) as json) from generate_series(1,1000) s(i);
                                                                                                                                                                                                                                                              tdigest                                                                                                                                                                                                                                                              
-----------------------------------------------------------------------------------------------------------------------------------------------------------------------------------------------------------------------------------------------------------------------------------------------------------------------------------------------------------------------------------------------------------------------------------------------------------------------------------------------------------------------------------
 {"flags": 1, "count": 1000, "compression": 100, "centroids": 40, "mean": [0.001, 0.002, 0.003, 0.004, 0.005, 0.006, 0.0075, 0.01, 0.0135, 0.018, 0.0245, 0.034, 0.047, 0.065, 0.09, 0.1245, 0.171, 0.2315, 0.3075, 0.3985, 0.501, 0.6035, 0.6945, 0.7705, 0.831, 0.8775, 0.912, 0.937, 0.955, 0.968, 0.9775, 0.984, 0.9885, 0.992, 0.9945, 0.996, 0.997, 0.998, 0.999, 1], "count": [1, 1, 1, 1, 1, 1, 2, 3, 4, 5, 8, 11, 15, 21, 29, 40, 53, 68, 84, 98, 107, 98, 84, 68, 53, 40, 29, 21, 15, 11, 8, 5, 4, 3, 2, 1, 1, 1, 1, 1]}
(1 row)

-- test casting to double precision array
SELECT array_agg(round(v::numeric,3)) FROM (
  SELECT unnest(cast(tdigest(i / 1000.0, 10) as double precision[])) AS v from generate_series(1,1000) s(i)
) foo;
                                                                                              array_agg                                                                                               
------------------------------------------------------------------------------------------------------------------------------------------------------------------------------------------------------
 {1.000,1000.000,10.000,13.000,0.001,1.000,0.002,1.000,0.005,4.000,0.013,13.000,0.041,42.000,0.135,147.000,0.464,511.000,0.793,147.000,0.916,99.000,0.980,28.000,0.996,5.000,0.999,1.000,1.000,1.000}
(1 row)

SELECT array_agg(round(v::numeric,3)) FROM (
  SELECT unnest(cast(tdigest(i / 1000.0, 25) as double precision[])) AS v from generate_series(1,1000) s(i)
) foo;
                                                                                                                              array_agg                                                                                                                              
---------------------------------------------------------------------------------------------------------------------------------------------------------------------------------------------------------------------------------------------------------------------
 {1.000,1000.000,25.000,18.000,0.001,1.000,0.002,1.000,0.003,1.000,0.006,4.000,0.012,9.000,0.027,20.000,0.058,42.000,0.115,73.000,0.232,161.000,0.472,319.000,0.727,191.000,0.878,110.000,0.949,33.000,0.977,22.000,0.992,8.000,0.997,3.000,0.999,1.000,1.000,1.000}
(1 row)

SELECT array_agg(round(v::numeric,3)) FROM (
  SELECT unnest(cast(tdigest(i / 1000.0, 100) as double precision[])) AS v from generate_series(1,1000) s(i)
) foo;
                                                                                                                                                                                                                                                                      array_agg                                                                                                                                                                                                                                                                      
-----------------------------------------------------------------------------------------------------------------------------------------------------------------------------------------------------------------------------------------------------------------------------------------------------------------------------------------------------------------------------------------------------------------------------------------------------------------------------------------------------------------------------------------------------
 {1.000,1000.000,100.000,40.000,0.001,1.000,0.002,1.000,0.003,1.000,0.004,1.000,0.005,1.000,0.006,1.000,0.008,2.000,0.010,3.000,0.014,4.000,0.018,5.000,0.025,8.000,0.034,11.000,0.047,15.000,0.065,21.000,0.090,29.000,0.125,40.000,0.171,53.000,0.232,68.000,0.308,84.000,0.399,98.000,0.501,107.000,0.604,98.000,0.695,84.000,0.771,68.000,0.831,53.000,0.878,40.000,0.912,29.000,0.937,21.000,0.955,15.000,0.968,11.000,0.978,8.000,0.984,5.000,0.989,4.000,0.992,3.000,0.995,2.000,0.996,1.000,0.997,1.000,0.998,1.000,0.999,1.000,1.000,1.000}
(1 row)

